[codezion.com/themes/tm/html/rides/index.html]
[backblue.gif]
[fade.gif]
[index.html]
[codezion.com/themes/tm/html/rides/assets/images/favicon.ico]
[codezion.com/themes/tm/html/rides/assets/css/bootstrap.min.css]
[codezion.com/themes/tm/html/rides/assets/css/font-awesome.css]
[codezion.com/themes/tm/html/rides/assets/css/font/flaticon.css]
[codezion.com/themes/tm/html/rides/assets/css/slick.css]
[codezion.com/themes/tm/html/rides/assets/css/ion.rangeSlider.min.css]
[codezion.com/themes/tm/html/rides/assets/css/datepicker.css]
[codezion.com/themes/tm/html/rides/assets/css/magnific-popup.css]
[codezion.com/themes/tm/html/rides/assets/css/nice-select.css]
[codezion.com/themes/tm/html/rides/assets/css/style.css]
[codezion.com/themes/tm/html/rides/assets/css/responsive.css]
[codezion.com/themes/tm/html/rides/assets/images/logo.png]
[codezion.com/themes/tm/html/rides/bike.html]
[codezion.com/themes/tm/html/rides/bike-left-sidebar.html]
[codezion.com/themes/tm/html/rides/bike-right-sidebar.html]
[codezion.com/themes/tm/html/rides/bike-detail.html]
[codezion.com/themes/tm/html/rides/blog.html]
[codezion.com/themes/tm/html/rides/blog-left-sidebar.html]
[codezion.com/themes/tm/html/rides/blog-right-sidebar.html]
[codezion.com/themes/tm/html/rides/blog-details.html]
[codezion.com/themes/tm/html/rides/blog-details-left-sidebar.html]
[codezion.com/themes/tm/html/rides/blog-details-right-sidebar.html]
[codezion.com/themes/tm/html/rides/about.html]
[codezion.com/themes/tm/html/rides/booking.html]
[codezion.com/themes/tm/html/rides/faqs.html]
[codezion.com/themes/tm/html/rides/gallery.html]
[codezion.com/themes/tm/html/rides/404.html]
[codezion.com/themes/tm/html/rides/coming-soon.html]
[codezion.com/themes/tm/html/rides/contact.html]
[codezion.com/themes/tm/html/rides/assets/images/slider/slider_1.jpg]
[codezion.com/themes/tm/html/rides/assets/images/slider/slider_2.jpg]
[codezion.com/themes/tm/html/rides/index-2.html]
[codezion.com/themes/tm/html/rides/assets/images/slider/slider_3.jpg]
[codezion.com/themes/tm/html/rides/assets/images/our_1.jpg]
[codezion.com/themes/tm/html/rides/assets/images/our_2.jpg]
[codezion.com/themes/tm/html/rides/assets/images/our_3.jpg]
[codezion.com/themes/tm/html/rides/assets/images/our_4.jpg]
[codezion.com/themes/tm/html/rides/assets/images/work/our_4.jpg]
[codezion.com/themes/tm/html/rides/assets/images/work/our_1.jpg]
[codezion.com/themes/tm/html/rides/assets/images/work/our_2.jpg]
[codezion.com/themes/tm/html/rides/assets/images/work/our-6.jpg]
[codezion.com/themes/tm/html/rides/assets/images/work/our-5.jpg]
[codezion.com/themes/tm/html/rides/assets/images/gallery/gallry_1.jpg]
[codezion.com/themes/tm/html/rides/assets/images/gallery/gallry_2.jpg]
[codezion.com/themes/tm/html/rides/assets/images/gallery/gallry_3.jpg]
[codezion.com/themes/tm/html/rides/assets/images/gallery/gallry_4.jpg]
[codezion.com/themes/tm/html/rides/assets/images/gallery/gallry_5.jpg]
[codezion.com/themes/tm/html/rides/assets/images/gallery/gallry_6.jpg]
[codezion.com/themes/tm/html/rides/assets/images/gallery/gallry_7.jpg]
[codezion.com/themes/tm/html/rides/assets/images/gallery/gallry_8.jpg]
[codezion.com/themes/tm/html/rides/assets/images/gallery/gallry_9.jpg]
[codezion.com/themes/tm/html/rides/assets/images/bike/bike_1.jpg]
[codezion.com/themes/tm/html/rides/assets/images/bike/bike_2.jpg]
[codezion.com/themes/tm/html/rides/assets/images/bike/bike_3.jpg]
[codezion.com/themes/tm/html/rides/assets/images/bike/bike_4.jpg]
[codezion.com/themes/tm/html/rides/assets/images/bike/bike_5.jpg]
[codezion.com/themes/tm/html/rides/assets/images/our_team_3.jpg]
[codezion.com/themes/tm/html/rides/assets/images/our_team_2.jpg]
[codezion.com/themes/tm/html/rides/assets/images/our_team_1.jpg]
[codezion.com/themes/tm/html/rides/assets/images/our_tam.png]
[codezion.com/themes/tm/html/rides/assets/images/blog/blog_all_1.jpg]
[codezion.com/themes/tm/html/rides/assets/images/blog/blog_all_2.jpg]
[codezion.com/themes/tm/html/rides/assets/images/blog/blog_all_3.jpg]
[codezion.com/themes/tm/html/rides/assets/images/blog/blog_all_4.jpg]
[codezion.com/themes/tm/html/rides/assets/js/popper.min.js]
[codezion.com/themes/tm/html/rides/assets/js/jquery.min.js]
[codezion.com/themes/tm/html/rides/assets/js/bootstrap.min.js]
[codezion.com/themes/tm/html/rides/assets/js/ion.rangeSlider.min.js]
[codezion.com/themes/tm/html/rides/assets/js/slick.min.js]
[codezion.com/themes/tm/html/rides/assets/js/datepicker.js]
[codezion.com/themes/tm/html/rides/assets/js/datepicker.en.js]
[codezion.com/themes/tm/html/rides/assets/js/isotope.pkgd.min.js]
[codezion.com/themes/tm/html/rides/assets/js/jquery.nice-select.js]
[codezion.com/themes/tm/html/rides/assets/js/jquery.magnific-popup.min.js]
[codezion.com/themes/tm/html/rides/assets/js/custom.js]
[codezion.com/themes/tm/html/rides/index.html]
[codezion.com/themes/tm/html/rides/assets/css/bootstrap.min.css]
[codezion.com/themes/tm/html/rides/assets/fonts/fa-brands-400.eot]
[codezion.com/themes/tm/html/rides/assets/fonts/fa-brands-400d41d.eot]
[codezion.com/themes/tm/html/rides/assets/fonts/fa-brands-400.woff2]
[codezion.com/themes/tm/html/rides/assets/fonts/fa-brands-400.woff]
[codezion.com/themes/tm/html/rides/assets/fonts/fa-brands-400.ttf]
[codezion.com/themes/tm/html/rides/assets/fonts/fa-regular-400.eot]
[codezion.com/themes/tm/html/rides/assets/fonts/fa-regular-400d41d.eot]
[codezion.com/themes/tm/html/rides/assets/fonts/fa-regular-400.woff2]
[codezion.com/themes/tm/html/rides/assets/fonts/fa-regular-400.woff]
[codezion.com/themes/tm/html/rides/assets/fonts/fa-regular-400.ttf]
[codezion.com/themes/tm/html/rides/assets/fonts/fa-solid-900.eot]
[codezion.com/themes/tm/html/rides/assets/fonts/fa-solid-900d41d.eot]
[codezion.com/themes/tm/html/rides/assets/fonts/fa-solid-900.woff2]
[codezion.com/themes/tm/html/rides/assets/fonts/fa-solid-900.woff]
[codezion.com/themes/tm/html/rides/assets/fonts/fa-solid-900.ttf]
[codezion.com/themes/tm/html/rides/assets/css/font-awesome.css]
[codezion.com/themes/tm/html/rides/assets/css/font/Flaticon.eot]
[codezion.com/themes/tm/html/rides/assets/css/font/Flaticond41d.eot]
[codezion.com/themes/tm/html/rides/assets/css/font/Flaticon.woff2]
[codezion.com/themes/tm/html/rides/assets/css/font/Flaticon.woff]
[codezion.com/themes/tm/html/rides/assets/css/font/Flaticon.ttf]
[codezion.com/themes/tm/html/rides/assets/css/font/flaticon.css]
[codezion.com/themes/tm/html/rides/assets/css/slick.css]
[codezion.com/themes/tm/html/rides/assets/css/ion.rangeSlider.min.css]
[codezion.com/themes/tm/html/rides/assets/css/datepicker.css]
[codezion.com/themes/tm/html/rides/assets/css/magnific-popup.css]
[codezion.com/themes/tm/html/rides/assets/css/nice-select.css]
[codezion.com/themes/tm/html/rides/assets/images/slider/subheader.jpg]
[codezion.com/themes/tm/html/rides/assets/images/for_.jpg]
[codezion.com/themes/tm/html/rides/assets/images/coming_soon_2.jpg]
[codezion.com/themes/tm/html/rides/assets/css/style.css]
[codezion.com/themes/tm/html/rides/assets/css/responsive.css]
[codezion.com/themes/tm/html/rides/assets/images/bike/bike_6.jpg]
[codezion.com/themes/tm/html/rides/assets/images/bike/bike_7.jpg]
[codezion.com/themes/tm/html/rides/assets/images/bike/bike_8.jpg]
[codezion.com/themes/tm/html/rides/assets/images/bike/bike_9.jpg]
[codezion.com/themes/tm/html/rides/assets/images/bike/bike_10.jpg]
[codezion.com/themes/tm/html/rides/assets/images/bike/bike_11.jpg]
[codezion.com/themes/tm/html/rides/assets/images/bike/bike_12.jpg]
[codezion.com/themes/tm/html/rides/bike.html]
[codezion.com/themes/tm/html/rides/bike-left-sidebar.html]
[codezion.com/themes/tm/html/rides/bike-right-sidebar.html]
[codezion.com/themes/tm/html/rides/assets/images/bike/bike_detail.jpg]
[codezion.com/themes/tm/html/rides/assets/images/blog/comment_1.jpg]
[codezion.com/themes/tm/html/rides/assets/images/blog/comment_2.jpg]
[codezion.com/themes/tm/html/rides/assets/images/blog/comment_3.jpg]
[codezion.com/themes/tm/html/rides/assets/images/bike/Bike.jpg]
[codezion.com/themes/tm/html/rides/bike-detail.html]
[codezion.com/themes/tm/html/rides/assets/images/blog/blog_all_5.jpg]
[codezion.com/themes/tm/html/rides/assets/images/blog/blog_all_6.jpg]
[codezion.com/themes/tm/html/rides/assets/images/blog/blog_all_7.jpg]
[codezion.com/themes/tm/html/rides/assets/images/blog/blog_all_8.jpg]
[codezion.com/themes/tm/html/rides/assets/images/blog/blog_all_9.jpg]
[codezion.com/themes/tm/html/rides/blog.html]
[codezion.com/themes/tm/html/rides/assets/images/blog/blog_1.jpg]
[codezion.com/themes/tm/html/rides/assets/images/blog/left_2.jpg]
[codezion.com/themes/tm/html/rides/assets/images/blog/left_4.jpg]
[codezion.com/themes/tm/html/rides/assets/images/blog/blog_2.jpg]
[codezion.com/themes/tm/html/rides/assets/images/blog/blog_3.jpg]
[codezion.com/themes/tm/html/rides/assets/images/blog/blog_4.jpg]
[codezion.com/themes/tm/html/rides/assets/images/blog/blog_5.jpg]
[codezion.com/themes/tm/html/rides/assets/images/blog/blog_6.jpg]
[codezion.com/themes/tm/html/rides/blog-left-sidebar.html]
[codezion.com/themes/tm/html/rides/blog-right-sidebar.html]
[codezion.com/themes/tm/html/rides/assets/images/blog/blog_detail.jpg]
[codezion.com/themes/tm/html/rides/assets/images/blog/author-img.png]
[codezion.com/themes/tm/html/rides/blog-details.html]
[codezion.com/themes/tm/html/rides/assets/images/blog/left_1.jpg]
[codezion.com/themes/tm/html/rides/assets/images/blog/left_3.jpg]
[codezion.com/themes/tm/html/rides/assets/images/agent-4.jpg]
[codezion.com/themes/tm/html/rides/assets/images/blog/blog_detail_1.jpg]
[codezion.com/themes/tm/html/rides/blog-details-left-sidebar.html]
[codezion.com/themes/tm/html/rides/blog-details-right-sidebar.html]
[codezion.com/themes/tm/html/rides/about.html]
[codezion.com/themes/tm/html/rides/booking.html]
[codezion.com/themes/tm/html/rides/faqs.html]
[codezion.com/themes/tm/html/rides/gallery.html]
[codezion.com/themes/tm/html/rides/404.html]
[codezion.com/themes/tm/html/rides/assets/images/coming_soon_1.jpg]
[codezion.com/themes/tm/html/rides/coming-soon.html]
[codezion.com/themes/tm/html/rides/contact.html]
[codezion.com/themes/tm/html/rides/index-2.html]
[codezion.com/themes/tm/html/rides/assets/fonts/fa-brands-400.svg]
[codezion.com/themes/tm/html/rides/assets/fonts/fa-regular-400.svg]
[codezion.com/themes/tm/html/rides/assets/fonts/fa-solid-900.svg]
[codezion.com/themes/tm/html/rides/assets/css/font/Flaticon.svg]
